<html>
<body>
<pre>
<h1>µVision Build Log</h1>
<h2>Tool Versions:</h2>
IDE-Version: ¦ÌVision V5.40.0.0
Copyright (C) 2024 ARM Ltd and ARM Germany GmbH. All rights reserved.
License Information: xx xx, xx, LIC=BUURY-ISBY5-LQU0Q-N851I-M63JP-EYQZC
 
Tool Versions:
Toolchain:       MDK-ARM Plus  Version: 5.40.0.3
Toolchain Path:  E:\Keil Core\ARM\ARMCC\Bin
C Compiler:      Armcc.exe V5.06 update 6 (build 750)
Assembler:       Armasm.exe V5.06 update 6 (build 750)
Linker/Locator:  ArmLink.exe V5.06 update 6 (build 750)
Library Manager: ArmAr.exe V5.06 update 6 (build 750)
Hex Converter:   FromElf.exe V5.06 update 6 (build 750)
CPU DLL:         SARMCM3.DLL V5.40.0.3
Dialog DLL:      DCM.DLL V1.17.5.0
Target DLL:      STLink\ST-LINKIII-KEIL_SWO.dll V3.3.0.0
Dialog DLL:      TCM.DLL V1.56.4.0
 
<h2>Project:</h2>
C:\Users\ROG\Desktop\DCASE_H743_Delivery\DCASE_H743_Delivery\firmware\deploy_h743_480MHz\Projects\NUCLEO-H743ZI\Examples\UART\UART_TwoBoards_ComPolling\MDK-ARM\Project.uvprojx
Project File Date:  08/14/2026

<h2>Output:</h2>
*** Using Compiler 'V5.06 update 6 (build 750)', folder: 'E:\Keil Core\ARM\ARMCC\Bin'
Build target 'STM32H743ZI-Nucleo'
assembling startup_stm32h743xx.s...
compiling stm32h7xx_hal_uart_ex.c...
compiling stm32h7xx_hal_msp.c...
compiling stm32h7xx_hal.c...
compiling system_stm32h7xx.c...
compiling stm32h7xx_hal_pwr.c...
compiling stm32h7xx_hal_gpio.c...
compiling stm32h7xx_hal_cortex.c...
compiling mel_filter.c...
compiling stm32h7xx_hal_exti.c...
compiling network_data_params.c...
compiling network_data.c...
compiling logmel.c...
compiling ComplexMathFunctions.c...
compiling CommonTables.c...
compiling BasicMathFunctions.c...
compiling network.c...
compiling FastMathFunctions.c...
compiling stm32h7xx_hal_uart.c...
compiling stm32h7xx_hal_pwr_ex.c...
compiling TransformFunctions.c...
compiling MatrixFunctions.c...
compiling StatisticsFunctions.c...
compiling stm32h7xx_hal_rcc.c...
compiling stm32h7xx_hal_rcc_ex.c...
compiling stm32h7xx_hal_dma.c...
compiling stm32h7xx_it.c...
compiling stm32h7xx_nucleo.c...
compiling main.c...
linking...
Program Size: Code=70554 RO-data=177434 RW-data=170216 ZI-data=445208  
"STM32H743ZI-Nucleo\STM32H743ZI-Nucleo.axf" - 0 Error(s), 0 Warning(s).

<h2>Software Packages used:</h2>

Package Vendor: ARM
                https://www.keil.com/pack/ARM.CMSIS.6.1.0.pack
                ARM::CMSIS@6.1.0
                CMSIS (Common Microcontroller Software Interface Standard)
   * Component: CORE Version: 6.1.0

Package Vendor: Keil
                https://www.keil.com/pack/Keil.STM32H7xx_DFP.4.1.3.pack
                Keil::STM32H7xx_DFP@4.1.3
                STMicroelectronics STM32H7 Series Device Support

<h2>Collection of Component include folders:</h2>
  ./RTE/_STM32H743ZI-Nucleo
  E:/keil pack/ARM/CMSIS/6.1.0/CMSIS/Core/Include

<h2>Collection of Component Files used:</h2>

   * Component: ARM::CMSIS:CORE@6.1.0
Build Time Elapsed:  00:00:20
</pre>
</body>
</html>
